<html>
<body>
<pre>
<h1>µVision Build Log</h1>
<h2>Tool Versions:</h2>
IDE-Version: ¦ÌVision V5.21.1.0
Copyright (C) 2016 ARM Ltd and ARM Germany GmbH. All rights reserved.
License Information: Lynx Windows, HP Inc., LIC=----
 
Tool Versions:
Toolchain:       MDK-Lite  Version: 5.21a
Toolchain Path:  D:\keli_v5\ARM\ARMCC\Bin
C Compiler:      Armcc.exe V5.06 update 3 (build 300)
Assembler:       Armasm.exe V5.06 update 3 (build 300)
Linker/Locator:  ArmLink.exe V5.06 update 3 (build 300)
Library Manager: ArmAr.exe V5.06 update 3 (build 300)
Hex Converter:   FromElf.exe V5.06 update 3 (build 300)
CPU DLL:         SARMCM3.DLL V5.21a
Dialog DLL:      DCM.DLL V1.13.8.0
Target DLL:      STLink\ST-LINKIII-KEIL_SWO.dll V2.0.18.0
Dialog DLL:      TCM.DLL V1.14.14.0
 
<h2>Project:</h2>
D:\schoolwork\IOT\Projects\Wifidemo\IDE\project.uvprojx
Project File Date:  12/29/2017

<h2>Output:</h2>
*** Using Compiler 'V5.06 update 3 (build 300)', folder: 'D:\keli_v5\ARM\ARMCC\Bin'
Rebuild target 'project'
assembling startup_stm32f401xx.s...
compiling stm32f4xx_syscfg.c...
..\..\..\Libraries\STM32F4xx_LIB\CMSIS\core_cm4_simd.h(127): warning:  #47-D: incompatible redefinition of macro "__SMMLA" (declared at line 727 of "D:\keli_v5\ARM\PACK\ARM\CMSIS\4.5.0\CMSIS\Include\cmsis_armcc.h")
  #define __SMMLA(ARG1,ARG2,ARG3)          ( (int32_t)((((int64_t)(ARG1) * (ARG2)) + \
..\..\..\Libraries\STM32F4xx_LIB\src\stm32f4xx_syscfg.c: 1 warning, 0 errors
compiling system_stm32f4xx.c...
..\..\..\Libraries\STM32F4xx_LIB\CMSIS\core_cm4_simd.h(127): warning:  #47-D: incompatible redefinition of macro "__SMMLA" (declared at line 727 of "D:\keli_v5\ARM\PACK\ARM\CMSIS\4.5.0\CMSIS\Include\cmsis_armcc.h")
  #define __SMMLA(ARG1,ARG2,ARG3)          ( (int32_t)((((int64_t)(ARG1) * (ARG2)) + \
..\..\..\Libraries\STM32F4xx_LIB\CMSIS\system_stm32f4xx.c: 1 warning, 0 errors
compiling misc.c...
..\..\..\Libraries\STM32F4xx_LIB\CMSIS\core_cm4_simd.h(127): warning:  #47-D: incompatible redefinition of macro "__SMMLA" (declared at line 727 of "D:\keli_v5\ARM\PACK\ARM\CMSIS\4.5.0\CMSIS\Include\cmsis_armcc.h")
  #define __SMMLA(ARG1,ARG2,ARG3)          ( (int32_t)((((int64_t)(ARG1) * (ARG2)) + \
..\..\..\Libraries\STM32F4xx_LIB\src\misc.c: 1 warning, 0 errors
compiling stm32f4xx_gpio.c...
..\..\..\Libraries\STM32F4xx_LIB\CMSIS\core_cm4_simd.h(127): warning:  #47-D: incompatible redefinition of macro "__SMMLA" (declared at line 727 of "D:\keli_v5\ARM\PACK\ARM\CMSIS\4.5.0\CMSIS\Include\cmsis_armcc.h")
  #define __SMMLA(ARG1,ARG2,ARG3)          ( (int32_t)((((int64_t)(ARG1) * (ARG2)) + \
..\..\..\Libraries\STM32F4xx_LIB\src\stm32f4xx_gpio.c: 1 warning, 0 errors
compiling stm32f4xx_usart.c...
..\..\..\Libraries\STM32F4xx_LIB\CMSIS\core_cm4_simd.h(127): warning:  #47-D: incompatible redefinition of macro "__SMMLA" (declared at line 727 of "D:\keli_v5\ARM\PACK\ARM\CMSIS\4.5.0\CMSIS\Include\cmsis_armcc.h")
  #define __SMMLA(ARG1,ARG2,ARG3)          ( (int32_t)((((int64_t)(ARG1) * (ARG2)) + \
..\..\..\Libraries\STM32F4xx_LIB\src\stm32f4xx_usart.c: 1 warning, 0 errors
compiling stm32f4xx_rcc.c...
..\..\..\Libraries\STM32F4xx_LIB\CMSIS\core_cm4_simd.h(127): warning:  #47-D: incompatible redefinition of macro "__SMMLA" (declared at line 727 of "D:\keli_v5\ARM\PACK\ARM\CMSIS\4.5.0\CMSIS\Include\cmsis_armcc.h")
  #define __SMMLA(ARG1,ARG2,ARG3)          ( (int32_t)((((int64_t)(ARG1) * (ARG2)) + \
..\..\..\Libraries\STM32F4xx_LIB\src\stm32f4xx_rcc.c: 1 warning, 0 errors
compiling stm32f4xx_tim.c...
..\..\..\Libraries\STM32F4xx_LIB\CMSIS\core_cm4_simd.h(127): warning:  #47-D: incompatible redefinition of macro "__SMMLA" (declared at line 727 of "D:\keli_v5\ARM\PACK\ARM\CMSIS\4.5.0\CMSIS\Include\cmsis_armcc.h")
  #define __SMMLA(ARG1,ARG2,ARG3)          ( (int32_t)((((int64_t)(ARG1) * (ARG2)) + \
..\..\..\Libraries\STM32F4xx_LIB\src\stm32f4xx_tim.c: 1 warning, 0 errors
compiling stm32f4xx_it.c...
..\..\..\Libraries\STM32F4xx_LIB\CMSIS\core_cm4_simd.h(127): warning:  #47-D: incompatible redefinition of macro "__SMMLA" (declared at line 727 of "D:\keli_v5\ARM\PACK\ARM\CMSIS\4.5.0\CMSIS\Include\cmsis_armcc.h")
  #define __SMMLA(ARG1,ARG2,ARG3)          ( (int32_t)((((int64_t)(ARG1) * (ARG2)) + \
..\..\..\Libraries\STM32F4xx_LIB\src\stm32f4xx_it.c: 1 warning, 0 errors
compiling stm32f4xx_spi.c...
..\..\..\Libraries\STM32F4xx_LIB\CMSIS\core_cm4_simd.h(127): warning:  #47-D: incompatible redefinition of macro "__SMMLA" (declared at line 727 of "D:\keli_v5\ARM\PACK\ARM\CMSIS\4.5.0\CMSIS\Include\cmsis_armcc.h")
  #define __SMMLA(ARG1,ARG2,ARG3)          ( (int32_t)((((int64_t)(ARG1) * (ARG2)) + \
..\..\..\Libraries\STM32F4xx_LIB\src\stm32f4xx_spi.c: 1 warning, 0 errors
compiling Config.c...
..\..\..\Libraries\STM32F4xx_LIB\CMSIS\core_cm4_simd.h(127): warning:  #47-D: incompatible redefinition of macro "__SMMLA" (declared at line 727 of "D:\keli_v5\ARM\PACK\ARM\CMSIS\4.5.0\CMSIS\Include\cmsis_armcc.h")
  #define __SMMLA(ARG1,ARG2,ARG3)          ( (int32_t)((((int64_t)(ARG1) * (ARG2)) + \
..\..\..\Common\Config.c: 1 warning, 0 errors
compiling main.c...
..\..\..\Libraries\STM32F4xx_LIB\CMSIS\core_cm4_simd.h(127): warning:  #47-D: incompatible redefinition of macro "__SMMLA" (declared at line 727 of "D:\keli_v5\ARM\PACK\ARM\CMSIS\4.5.0\CMSIS\Include\cmsis_armcc.h")
  #define __SMMLA(ARG1,ARG2,ARG3)          ( (int32_t)((((int64_t)(ARG1) * (ARG2)) + \
..\SRC\main.c(169): warning:  #177-D: variable "n" was declared but never referenced
  	int n;
..\SRC\main.c(180): warning:  #550-D: variable "datalen" was set but never used
  	int datalen;
..\SRC\main.c(217): warning:  #177-D: variable "i" was declared but never referenced
  	int i;
..\SRC\main.c: 4 warnings, 0 errors
compiling delay.c...
..\..\..\Libraries\STM32F4xx_LIB\CMSIS\core_cm4_simd.h(127): warning:  #47-D: incompatible redefinition of macro "__SMMLA" (declared at line 727 of "D:\keli_v5\ARM\PACK\ARM\CMSIS\4.5.0\CMSIS\Include\cmsis_armcc.h")
  #define __SMMLA(ARG1,ARG2,ARG3)          ( (int32_t)((((int64_t)(ARG1) * (ARG2)) + \
..\..\..\Libraries\delay\delay.c: 1 warning, 0 errors
compiling hal_uart.c...
..\..\..\Libraries\STM32F4xx_LIB\CMSIS\core_cm4_simd.h(127): warning:  #47-D: incompatible redefinition of macro "__SMMLA" (declared at line 727 of "D:\keli_v5\ARM\PACK\ARM\CMSIS\4.5.0\CMSIS\Include\cmsis_armcc.h")
  #define __SMMLA(ARG1,ARG2,ARG3)          ( (int32_t)((((int64_t)(ARG1) * (ARG2)) + \
..\SRC\hal_uart.c: 1 warning, 0 errors
compiling em380c_hal.c...
..\..\..\Libraries\STM32F4xx_LIB\CMSIS\core_cm4_simd.h(127): warning:  #47-D: incompatible redefinition of macro "__SMMLA" (declared at line 727 of "D:\keli_v5\ARM\PACK\ARM\CMSIS\4.5.0\CMSIS\Include\cmsis_armcc.h")
  #define __SMMLA(ARG1,ARG2,ARG3)          ( (int32_t)((((int64_t)(ARG1) * (ARG2)) + \
..\SRC\em380c_hal.c: 1 warning, 0 errors
compiling EMSP.c...
..\..\..\Libraries\STM32F4xx_LIB\CMSIS\core_cm4_simd.h(127): warning:  #47-D: incompatible redefinition of macro "__SMMLA" (declared at line 727 of "D:\keli_v5\ARM\PACK\ARM\CMSIS\4.5.0\CMSIS\Include\cmsis_armcc.h")
  #define __SMMLA(ARG1,ARG2,ARG3)          ( (int32_t)((((int64_t)(ARG1) * (ARG2)) + \
..\SRC\EMSP.c: 1 warning, 0 errors
compiling hal_rgb_led.c...
..\..\..\Libraries\STM32F4xx_LIB\CMSIS\core_cm4_simd.h(127): warning:  #47-D: incompatible redefinition of macro "__SMMLA" (declared at line 727 of "D:\keli_v5\ARM\PACK\ARM\CMSIS\4.5.0\CMSIS\Include\cmsis_armcc.h")
  #define __SMMLA(ARG1,ARG2,ARG3)          ( (int32_t)((((int64_t)(ARG1) * (ARG2)) + \
..\SRC\hal_rgb_led.c: 1 warning, 0 errors
compiling hal_temp_hum.c...
..\..\..\Libraries\STM32F4xx_LIB\CMSIS\core_cm4_simd.h(127): warning:  #47-D: incompatible redefinition of macro "__SMMLA" (declared at line 727 of "D:\keli_v5\ARM\PACK\ARM\CMSIS\4.5.0\CMSIS\Include\cmsis_armcc.h")
  #define __SMMLA(ARG1,ARG2,ARG3)          ( (int32_t)((((int64_t)(ARG1) * (ARG2)) + \
..\SRC\hal_temp_hum.c: 1 warning, 0 errors
compiling EMSP_API.c...
..\..\..\Libraries\STM32F4xx_LIB\CMSIS\core_cm4_simd.h(127): warning:  #47-D: incompatible redefinition of macro "__SMMLA" (declared at line 727 of "D:\keli_v5\ARM\PACK\ARM\CMSIS\4.5.0\CMSIS\Include\cmsis_armcc.h")
  #define __SMMLA(ARG1,ARG2,ARG3)          ( (int32_t)((((int64_t)(ARG1) * (ARG2)) + \
..\SRC\EMSP_API.c: 1 warning, 0 errors
compiling hal_infrared.c...
..\..\..\Libraries\STM32F4xx_LIB\CMSIS\core_cm4_simd.h(127): warning:  #47-D: incompatible redefinition of macro "__SMMLA" (declared at line 727 of "D:\keli_v5\ARM\PACK\ARM\CMSIS\4.5.0\CMSIS\Include\cmsis_armcc.h")
  #define __SMMLA(ARG1,ARG2,ARG3)          ( (int32_t)((((int64_t)(ARG1) * (ARG2)) + \
..\SRC\hal_infrared.c: 1 warning, 0 errors
compiling Hal_OLED.c...
..\..\..\Libraries\STM32F4xx_LIB\CMSIS\core_cm4_simd.h(127): warning:  #47-D: incompatible redefinition of macro "__SMMLA" (declared at line 727 of "D:\keli_v5\ARM\PACK\ARM\CMSIS\4.5.0\CMSIS\Include\cmsis_armcc.h")
  #define __SMMLA(ARG1,ARG2,ARG3)          ( (int32_t)((((int64_t)(ARG1) * (ARG2)) + \
..\SRC\Hal_OLED.c: 1 warning, 0 errors
compiling AsciiLib.c...
..\..\..\Libraries\STM32F4xx_LIB\CMSIS\core_cm4_simd.h(127): warning:  #47-D: incompatible redefinition of macro "__SMMLA" (declared at line 727 of "D:\keli_v5\ARM\PACK\ARM\CMSIS\4.5.0\CMSIS\Include\cmsis_armcc.h")
  #define __SMMLA(ARG1,ARG2,ARG3)          ( (int32_t)((((int64_t)(ARG1) * (ARG2)) + \
..\SRC\AsciiLib.c: 1 warning, 0 errors
compiling hal_motor.c...
..\..\..\Libraries\STM32F4xx_LIB\CMSIS\core_cm4_simd.h(127): warning:  #47-D: incompatible redefinition of macro "__SMMLA" (declared at line 727 of "D:\keli_v5\ARM\PACK\ARM\CMSIS\4.5.0\CMSIS\Include\cmsis_armcc.h")
  #define __SMMLA(ARG1,ARG2,ARG3)          ( (int32_t)((((int64_t)(ARG1) * (ARG2)) + \
..\SRC\hal_motor.c(114): warning:  #177-D: variable "temp" was declared but never referenced
  	u16 temp = (MOTOR_ARR+1) / MOTOR_MAX;
..\SRC\hal_motor.c: 2 warnings, 0 errors
linking...
Program Size: Code=12768 RO-data=484 RW-data=144 ZI-data=3752  
"..\TEMP\project.axf" - 0 Error(s), 26 Warning(s).

<h2>Software Packages used:</h2>

Package Vendor: ARM
                http://www.keil.com/pack/ARM.CMSIS.4.5.0.pack
                ARM::CMSIS:CORE:4.3.0
                CMSIS (Cortex Microcontroller Software Interface Standard)
   * Component: CORE Version: 4.3.0

<h2>Collection of Component include folders:</h2>
  D:\schoolwork\IOT\Projects\Wifidemo\IDE\RTE
  D:\keli_v5\ARM\PACK\ARM\CMSIS\4.5.0\CMSIS\Include
  D:\keli_v5\ARM\PACK\Keil\STM32F4xx_DFP\2.2.0\Drivers\CMSIS\Device\ST\STM32F4xx\Include

<h2>Collection of Component Files used:</h2>

   * Component: ARM::CMSIS:CORE:4.3.0
Build Time Elapsed:  00:00:05
</pre>
</body>
</html>
